0 verbose cli /opt/homebrew/Cellar/node@22/22.22.1_1/bin/node /opt/homebrew/opt/node@22/bin/npm
1 info using npm@10.9.4
2 info using node@v22.22.1
3 silly config load:file:/opt/homebrew/Cellar/node@22/22.22.1_1/lib/node_modules/npm/npmrc
4 silly config load:file:/Users/user/Desktop/BUSSINES/Antigraity/.npmrc
5 silly config load:file:/Users/user/.npmrc
6 silly config load:file:/opt/homebrew/etc/npmrc
7 verbose title npm run dev
8 verbose argv "run" "dev"
9 verbose logfile logs-max:10 dir:/Users/user/Desktop/BUSSINES/Antigraity/manual Ds delivery/.npm-cache/_logs/2026-03-28T22_01_11_039Z-
10 verbose logfile /Users/user/Desktop/BUSSINES/Antigraity/manual Ds delivery/.npm-cache/_logs/2026-03-28T22_01_11_039Z-debug-0.log
11 silly logfile start cleaning logs, removing 1 files
12 silly logfile done cleaning log files
13 verbose stack Error: Missing script: "dev"
13 verbose stack
13 verbose stack To see a list of scripts, run:
13 verbose stack   npm run
13 verbose stack     at #run (/opt/homebrew/Cellar/node@22/22.22.1_1/lib/node_modules/npm/lib/commands/run-script.js:111:13)
13 verbose stack     at async RunScript.exec (/opt/homebrew/Cellar/node@22/22.22.1_1/lib/node_modules/npm/lib/commands/run-script.js:40:7)
13 verbose stack     at async Npm.exec (/opt/homebrew/Cellar/node@22/22.22.1_1/lib/node_modules/npm/lib/npm.js:207:9)
13 verbose stack     at async module.exports (/opt/homebrew/Cellar/node@22/22.22.1_1/lib/node_modules/npm/lib/cli/entry.js:74:5)
14 error Missing script: "dev"
14 error
14 error To see a list of scripts, run:
14 error   npm run
15 verbose cwd /Users/user/Desktop/BUSSINES/Antigraity/manual Ds delivery
16 verbose os Darwin 24.1.0
17 verbose node v22.22.1
18 verbose npm  v10.9.4
19 verbose exit 1
20 verbose code 1
21 error A complete log of this run can be found in: /Users/user/Desktop/BUSSINES/Antigraity/manual Ds delivery/.npm-cache/_logs/2026-03-28T22_01_11_039Z-debug-0.log
