0 verbose cli /opt/homebrew/Cellar/node@22/22.22.1_1/bin/node /opt/homebrew/Cellar/node@22/22.22.1_1/lib/node_modules/npm/bin/npm-cli.js
1 info using npm@10.9.4
2 info using node@v22.22.1
3 silly config load:file:/opt/homebrew/Cellar/node@22/22.22.1_1/lib/node_modules/npm/npmrc
4 silly config load:file:/Users/user/Desktop/BUSSINES/Antigraity/.npmrc
5 silly config load:file:/Users/user/.npmrc
6 silly config load:file:/opt/homebrew/etc/npmrc
7 verbose title npm exec stylelint style.css
8 verbose argv "exec" "--" "stylelint" "style.css"
9 verbose logfile logs-max:10 dir:/Users/user/Desktop/BUSSINES/Antigraity/manual Ds delivery/.npm-cache/_logs/2026-03-28T21_55_01_884Z-
10 verbose logfile /Users/user/Desktop/BUSSINES/Antigraity/manual Ds delivery/.npm-cache/_logs/2026-03-28T21_55_01_884Z-debug-0.log
11 silly logfile done cleaning log files
12 silly packumentCache heap:2197815296 maxSize:549453824 maxEntrySize:274726912
13 verbose shrinkwrap failed to load node_modules/.package-lock.json out of date, updated: node_modules
14 http fetch GET 200 https://registry.npmjs.org/stylelint 900ms (cache miss)
15 silly packumentCache heap:2197815296 maxSize:549453824 maxEntrySize:274726912
16 silly packumentCache heap:2197815296 maxSize:549453824 maxEntrySize:274726912
17 verbose stack Error: canceled
17 verbose stack     at Interface.<anonymous> (/opt/homebrew/Cellar/node@22/22.22.1_1/lib/node_modules/npm/node_modules/read/dist/commonjs/read.js:89:21)
17 verbose stack     at Interface.emit (node:events:519:28)
17 verbose stack     at [_ttyWrite] [as _ttyWrite] (node:internal/readline/interface:1144:18)
17 verbose stack     at ReadStream.onkeypress (node:internal/readline/interface:271:20)
17 verbose stack     at ReadStream.emit (node:events:519:28)
17 verbose stack     at emitKeys (node:internal/readline/utils:370:14)
17 verbose stack     at emitKeys.next (<anonymous>)
17 verbose stack     at ReadStream.onData (node:internal/readline/emitKeypressEvents:64:36)
17 verbose stack     at ReadStream.emit (node:events:519:28)
17 verbose stack     at addChunk (node:internal/streams/readable:561:12)
18 error canceled
19 verbose cwd /Users/user/Desktop/BUSSINES/Antigraity/manual Ds delivery
20 verbose os Darwin 24.1.0
21 verbose node v22.22.1
22 verbose npm  v10.9.4
23 verbose exit 1
24 verbose code 1
25 error A complete log of this run can be found in: /Users/user/Desktop/BUSSINES/Antigraity/manual Ds delivery/.npm-cache/_logs/2026-03-28T21_55_01_884Z-debug-0.log
